<form action="" method="post" enctype="multipart/form-data">


<div class="form-group row">
	<div class="col-sm-3 col-form-label"><label for="frm-exampleInputEmail1">Email address:</label></div>

	<div class="col-sm-9"><input type="email" name="exampleInputEmail1" placeholder="Enter email" id="frm-exampleInputEmail1" data-nette-rules='[{"op":"optional"},{"op":":email","msg":"Please enter a valid email address."}]' class="text form-control"> <small>We'll never share your email with anyone else.</small></div>
</div>

<div class="form-group row">
	<div class="col-sm-3 col-form-label"><label for="frm-exampleInputPassword1">Password</label></div>

	<div class="col-sm-9"><input type="password" name="exampleInputPassword1" placeholder="Password" id="frm-exampleInputPassword1" class="text form-control"></div>
</div>

<div class="form-check">
	<div class="col-sm-3 col-form-label"></div>

	<div class="col-sm-9"><label for="frm-checkbox" class="form-check-label"><input type="checkbox" name="checkbox" id="frm-checkbox">Check me out</label></div>
</div>

<div class="form-group row">


	<div class="col-sm-9"><input type="submit" name="_submit" class="btn btn-primary button" value="Submit"></div>
</div>

<div class="form-group row">
	<div class="col-sm-3 col-form-label"><label for="frm-exampleInputEmail2">Email address</label></div>

	<div class="col-sm-9"><input type="email" name="exampleInputEmail2" placeholder="name&#64;example.com" id="frm-exampleInputEmail2" data-nette-rules='[{"op":"optional"},{"op":":email","msg":"Please enter a valid email address."}]' class="text form-control"></div>
</div>

<div class="form-group row">
	<div class="col-sm-3 col-form-label"><label for="frm-exampleSelect">Example select</label></div>

	<div class="col-sm-9"><select name="exampleSelect" id="frm-exampleSelect" class="form-control"><option value="0">1</option><option value="1">2</option><option value="2">3</option><option value="3">4</option><option value="4">5</option></select></div>
</div>

<div class="form-group row">
	<div class="col-sm-3 col-form-label"><label for="frm-exampleMultipleSelect">Example multiple select</label></div>

	<div class="col-sm-9"><select name="exampleMultipleSelect[]" id="frm-exampleMultipleSelect" multiple class="form-control"><option value="0">1</option><option value="1">2</option><option value="2">3</option><option value="3">4</option><option value="4">5</option></select></div>
</div>

<div class="form-group row">
	<div class="col-sm-3 col-form-label"><label for="frm-textarea">Example textarea</label></div>

	<div class="col-sm-9"><textarea name="textarea" id="frm-textarea" class="form-control"></textarea></div>
</div>

<div class="form-group row">
	<div class="col-sm-3 col-form-label"><label for="frm-upload">Example upload</label></div>

	<div class="col-sm-9"><input type="file" name="upload" id="frm-upload" class="text form-control"></div>
</div>

<div class="form-group row">
	<div class="col-sm-3 col-form-label"><label for="frm-multiUpload">Example multiUpload</label></div>

	<div class="col-sm-9"><input type="file" name="multiUpload[]" multiple id="frm-multiUpload" class="text form-control"></div>
</div>


</form>