<form action="" method="post">


<div class="form-group row">
	<div class="col-sm-6 col-form-label"><label for="frm-exampleInputEmail1">Email address:</label></div>

	<div class="col-sm-6"><input type="email" name="exampleInputEmail1" id="frm-exampleInputEmail1" data-nette-rules='[{"op":"optional"},{"op":":email","msg":"Please enter a valid email address."}]' class="text form-control"> <small>We'll never share your email with anyone else.</small></div>
</div>

<div class="form-group row">
	<div class="col-sm-6 col-form-label"><label for="frm-exampleInputPassword1">Password</label></div>

	<div class="col-sm-6"><input type="password" name="exampleInputPassword1" id="frm-exampleInputPassword1" class="text form-control"></div>
</div>

<div class="form-group row">
	<div class="col-sm-6 col-form-label"></div>

	<div class="col-sm-6"><label for="frm-checkbox"><input type="checkbox" name="checkbox" id="frm-checkbox">Check me out</label></div>
</div>

<div class="form-group row">
	<div class="col-sm-6 col-form-label"></div>

	<div class="col-sm-6"><input type="submit" name="_submit" class="btn btn-primary button" value="Submit"></div>
</div>


</form>
