<form action="" method="post" enctype="multipart/form-data">


<div class="form-group">
	<label for="frm-exampleInputEmail1">Email address:</label>

	<input type="email" name="exampleInputEmail1" placeholder="Enter email" id="frm-exampleInputEmail1" data-nette-rules='[{"op":"optional"},{"op":":email","msg":"Please enter a valid email address."}]' class="form-control"> <small>We'll never share your email with anyone else.</small>
</div>

<div class="form-group">
	<label for="frm-exampleInputPassword1">Password</label>

	<input type="password" name="exampleInputPassword1" placeholder="Password" id="frm-exampleInputPassword1" class="form-control">
</div>

<div class="form-check">


	<input type="checkbox" name="checkbox" class="form-check-input" id="frm-checkbox"><label class="form-check-label" for="frm-checkbox">Check me out</label>
</div>

<div class="form-check">


	<input type="checkbox" name="checkbox2" class="form-check-input" id="frm-checkbox2"><label class="form-check-label" for="frm-checkbox2">Check me out2</label>
</div>

<div class="form-group">


	<fieldset class="form-group"><legend><label>Country</label></legend><div><label class="form-check form-check-label"><input type="radio" name="country" class="form-check-input" value="" value="cz">Česká republika</label></div><div><label class="form-check form-check-label"><input type="radio" name="country" class="form-check-input" value="" value="sk">Slovensko</label></div><div><label class="form-check form-check-label"><input type="radio" name="country" class="form-check-input" value="" value="eu">EU</label></div></fieldset>
</div>

<div class="form-group">
	<label for="frm-exampleInputEmail2">Email address</label>

	<input type="email" name="exampleInputEmail2" placeholder="name&#64;example.com" id="frm-exampleInputEmail2" data-nette-rules='[{"op":"optional"},{"op":":email","msg":"Please enter a valid email address."}]' class="form-control">
</div>

<div class="form-group">
	<label for="frm-exampleSelect">Example select</label>

	<select name="exampleSelect" id="frm-exampleSelect" class="form-control"><option value="0">1</option><option value="1">2</option><option value="2">3</option><option value="3">4</option><option value="4">5</option></select>
</div>

<div class="form-group">
	<label for="frm-exampleMultipleSelect">Example multiple select</label>

	<select name="exampleMultipleSelect[]" id="frm-exampleMultipleSelect" multiple class="form-control"><option value="0">1</option><option value="1">2</option><option value="2">3</option><option value="3">4</option><option value="4">5</option></select>
</div>

<div class="form-group">
	<label for="frm-textarea">Example textarea</label>

	<textarea name="textarea" id="frm-textarea" class="form-control"></textarea>
</div>

<div class="form-group">
	<label for="frm-upload">Example upload</label>

	<input type="file" name="upload" id="frm-upload" class="form-control-file">
</div>

<div class="form-group">
	<label for="frm-multiUpload">Example multiUpload</label>

	<input type="file" name="multiUpload[]" multiple id="frm-multiUpload" class="form-control-file">
</div>

<div class="form-group">
	<label for="frm-formControlLg">.form-control-lg</label>

	<input type="email" name="formControlLg" class="form-control-lg form-control" placeholder=".form-control-lg" id="frm-formControlLg" data-nette-rules='[{"op":"optional"},{"op":":email","msg":"Please enter a valid email address."}]'>
</div>

<div class="form-group">
	<label for="frm-formControl">.form-control</label>

	<input type="email" name="formControl" placeholder="Default input" id="frm-formControl" data-nette-rules='[{"op":"optional"},{"op":":email","msg":"Please enter a valid email address."}]' class="form-control">
</div>

<div class="form-group">
	<label for="frm-formControlSm">.form-control-sm</label>

	<input type="email" name="formControlSm" class="form-control-sm form-control" placeholder=".form-control-sm" id="frm-formControlSm" data-nette-rules='[{"op":"optional"},{"op":":email","msg":"Please enter a valid email address."}]'>
</div>

<div class="form-group">
	<label for="frm-largeSelect">Large select</label>

	<select name="largeSelect" class="form-control-lg form-control" id="frm-largeSelect"><option value="0">Large select</option></select>
</div>

<div class="form-group">
	<label for="frm-defaultSelect"> Default select</label>

	<select name="defaultSelect" id="frm-defaultSelect" class="form-control"><option value="0">Default select</option></select>
</div>

<div class="form-group">
	<label for="frm-smallSelect">Small select</label>

	<select name="smallSelect" class="form-control-sm form-control" id="frm-smallSelect"><option value="0">Small select</option></select>
</div>

<div class="form-group">
	<label for="frm-disabled">Disabled:</label>

	<input type="text" name="disabled" placeholder="Disabled input here…" id="frm-disabled" disabled class="form-control">
</div>




	<input type="submit" name="_submit" class="btn btn-primary button" value="Submit">



</form>