<form action="" method="post">


<div class="mb-3">


	<fieldset class="form-group"><legend><label>Country</label></legend><div class="form-check"><label class="form-check-label"><input type="radio" name="country" class="form-check-input" value="cz">ÄŒeskÃ¡ republika</label></div><div class="form-check"><label class="form-check-label"><input type="radio" name="country" class="form-check-input" value="sk">Slovensko</label></div><div class="form-check"><label class="form-check-label"><input type="radio" name="country" class="form-check-input" value="eu">EU</label></div></fieldset>
</div>


	<div class="mb-3">
		<fieldset class="form-group">
			<legend>
				<label>Week radio 2</label>
			</legend>

			<div class="form-check form-check-inline">
			<input type="radio" name="weekRadionline" id="frm-weekRadionline-monday" value="monday" class="form-check-input">

				<label for="frm-weekRadionline-monday" class="form-check-label">Monday</label>
			</div>

			<div class="form-check form-check-inline">
			<input type="radio" name="weekRadionline" id="frm-weekRadionline-tuesday" value="tuesday" class="form-check-input">

				<label for="frm-weekRadionline-tuesday" class="form-check-label">Tuesday</label>
			</div>

			<div class="form-check form-check-inline">
			<input type="radio" name="weekRadionline" id="frm-weekRadionline-wednesday" value="wednesday" class="form-check-input">

				<label for="frm-weekRadionline-wednesday" class="form-check-label">Wednesday</label>
			</div>

			<div class="form-check form-check-inline">
			<input type="radio" name="weekRadionline" id="frm-weekRadionline-thurstday" value="thurstday" class="form-check-input">

				<label for="frm-weekRadionline-thurstday" class="form-check-label">Thurstday</label>
			</div>

			<div class="form-check form-check-inline">
			<input type="radio" name="weekRadionline" id="frm-weekRadionline-friday" value="friday" class="form-check-input">

				<label for="frm-weekRadionline-friday" class="form-check-label">Friday</label>
			</div>

			<div class="form-check form-check-inline">
			<input type="radio" name="weekRadionline" id="frm-weekRadionline-saturday" value="saturday" class="form-check-input">

				<label for="frm-weekRadionline-saturday" class="form-check-label">Saturday</label>
			</div>

			<div class="form-check form-check-inline">
			<input type="radio" name="weekRadionline" id="frm-weekRadionline-sunday" value="sunday" class="form-check-input">

				<label for="frm-weekRadionline-sunday" class="form-check-label">Sunday</label>
			</div>
		</fieldset>
	</div>





	<input type="submit" name="_submit" class="btn btn-primary button" value="Submit">



</form>